// Jest Snapshot v1, https://goo.gl/fbAQLP

exports[`Navbar renders correctly 1`] = `
<b-navbar
  type="is-primary"
>
  <template>
    <b-navbar-item
      tag="router-link"
      to="[object Object]"
    >
      <img
        alt="Vue logo"
        src="../assets/images/nomelette-logo.png"
      />
    </b-navbar-item>
  </template>
   
  <template>
    <b-navbar-item
      tag="router-link"
      to="[object Object]"
    >
      
      Home
    
    </b-navbar-item>
     
    <b-navbar-item
      tag="router-link"
      to="[object Object]"
    >
      
      About
    
    </b-navbar-item>
     
    <b-navbar-item
      tag="router-link"
      to="[object Object]"
    >
      
      Books
    
    </b-navbar-item>
     
    <b-navbar-item
      tag="router-link"
      to="[object Object]"
    >
      
      Browse
    
    </b-navbar-item>
  </template>
</b-navbar>
`;
